<html>
<body>
<pre>
<h1>µVision Build Log</h1>
<h2>Tool Versions:</h2>
IDE-Version: ¦ÌVision V5.26.2.0
Copyright (C) 2018 ARM Ltd and ARM Germany GmbH. All rights reserved.
License Information: blusi xu, Ameriica, LIC=LJWPC-7IET0-C2JL6-DVSI3-F88HS-09FY0
 
Tool Versions:
Toolchain:       MDK-ARM Professional  Version: 5.26.2.0
Toolchain Path:  F:\Program Files (x86)\Keil5\ARM\ARMCC\Bin
C Compiler:      Armcc.exe V5.06 update 6 (build 750)
Assembler:       Armasm.exe V5.06 update 6 (build 750)
Linker/Locator:  ArmLink.exe V5.06 update 6 (build 750)
Library Manager: ArmAr.exe V5.06 update 6 (build 750)
Hex Converter:   FromElf.exe V5.06 update 6 (build 750)
CPU DLL:         SARMCM3.DLL V5.26.2.0
Dialog DLL:      DCM.DLL V1.17.2.0
Target DLL:      Segger\JL2CM3.dll V2.99.31.0
Dialog DLL:      TCM.DLL V1.36.1.0
 
<h2>Project:</h2>
C:\Users\hp\Desktop\moving_car\Project\moving_car.uvprojx
Project File Date:  04/07/2019

<h2>Output:</h2>
*** Using Compiler 'V5.06 update 6 (build 750)', folder: 'F:\Program Files (x86)\Keil5\ARM\ARMCC\Bin'
*** Warning: You are compiling one or more files of source type C++ and have selected 'use MicroLIB'. MicroLIB does not support C++!
  
Rebuild target 'moving_car'
assembling startup_stm32f10x_hd.s...
compiling core_cm3.c...
compiling system_stm32f10x.c...
compiling misc.c...
compiling stm32f10x_adc.c...
compiling stm32f10x_bkp.c...
compiling stm32f10x_can.c...
compiling stm32f10x_cec.c...
compiling stm32f10x_crc.c...
compiling stm32f10x_dac.c...
compiling stm32f10x_dma.c...
compiling stm32f10x_dbgmcu.c...
compiling stm32f10x_exti.c...
compiling stm32f10x_fsmc.c...
compiling stm32f10x_flash.c...
compiling stm32f10x_gpio.c...
compiling stm32f10x_i2c.c...
compiling stm32f10x_iwdg.c...
compiling stm32f10x_pwr.c...
compiling stm32f10x_rtc.c...
compiling stm32f10x_rcc.c...
compiling stm32f10x_sdio.c...
compiling stm32f10x_spi.c...
compiling stm32f10x_tim.c...
compiling stm32f10x_usart.c...
compiling stm32f10x_wwdg.c...
compiling main.c...
..\RosLibs\std_msgs/Time.h(50): warning:  #1300-D: getType inherits implicit virtual
      const char * getType(){ return "std_msgs/Time"; };
..\RosLibs\std_msgs/Time.h(51): warning:  #1300-D: getMD5 inherits implicit virtual
      const char * getMD5(){ return "cd7166c74c552c311fbcc2fe5a7bc289"; };
..\RosLibs\rosserial_msgs/TopicInfo.h(110): warning:  #1300-D: getType inherits implicit virtual
      const char * getType(){ return "rosserial_msgs/TopicInfo"; };
..\RosLibs\rosserial_msgs/TopicInfo.h(111): warning:  #1300-D: getMD5 inherits implicit virtual
      const char * getMD5(){ return "0ad51f88fc44892f8c10684077646005"; };
..\RosLibs\rosserial_msgs/TopicInfo.h(116): warning:  #1-D: last line of file ends without a newline
  #endif
..\RosLibs\rosserial_msgs/Log.h(53): warning:  #1300-D: getType inherits implicit virtual
      const char * getType(){ return "rosserial_msgs/Log"; };
..\RosLibs\rosserial_msgs/Log.h(54): warning:  #1300-D: getMD5 inherits implicit virtual
      const char * getMD5(){ return "11abd731c25933261cd6183bd12d6295"; };
..\RosLibs\rosserial_msgs/Log.h(59): warning:  #1-D: last line of file ends without a newline
  #endif
..\RosLibs\rosserial_msgs/RequestParam.h(44): warning:  #1300-D: getType inherits implicit virtual
      const char * getType(){ return REQUESTPARAM; };
..\RosLibs\rosserial_msgs/RequestParam.h(45): warning:  #1300-D: getMD5 inherits implicit virtual
      const char * getMD5(){ return "c1f3d28f1b044c871e6eff2e9fc3c667"; };
..\RosLibs\rosserial_msgs/RequestParam.h(172): warning:  #1300-D: getType inherits implicit virtual
      const char * getType(){ return REQUESTPARAM; };
..\RosLibs\rosserial_msgs/RequestParam.h(173): warning:  #1300-D: getMD5 inherits implicit virtual
      const char * getMD5(){ return "9f0e98bda65981986ddf53afa7a40e49"; };
..\RosLibs\riki_msgs/Velocities.h(104): warning:  #1300-D: getType inherits implicit virtual
      const char * getType(){ return "riki_msgs/Velocities"; };
..\RosLibs\riki_msgs/Velocities.h(105): warning:  #1300-D: getMD5 inherits implicit virtual
      const char * getMD5(){ return "0ee8ad4cb7809be2d5a0a76352fea86a"; };
..\RosLibs\riki_msgs/Velocities.h(110): warning:  #1-D: last line of file ends without a newline
  #endif
..\RosLibs\geometry_msgs/Vector3.h(106): warning:  #1300-D: getType inherits implicit virtual
      const char * getType(){ return "geometry_msgs/Vector3"; };
..\RosLibs\geometry_msgs/Vector3.h(107): warning:  #1300-D: getMD5 inherits implicit virtual
      const char * getMD5(){ return "4a842b65f413084dc2b10fb484ea7f17"; };
..\RosLibs\geometry_msgs/Twist.h(35): warning:  #1300-D: getType inherits implicit virtual
      const char * getType(){ return "geometry_msgs/Twist"; };
..\RosLibs\geometry_msgs/Twist.h(36): warning:  #1300-D: getMD5 inherits implicit virtual
      const char * getMD5(){ return "9f195f881246fdfa2798d1d3eebca84a"; };
..\RosLibs\riki_msgs/Imu.h(49): warning:  #1300-D: getType inherits implicit virtual
      const char * getType(){ return "riki_msgs/Imu"; };
..\RosLibs\riki_msgs/Imu.h(50): warning:  #1300-D: getMD5 inherits implicit virtual
      const char * getMD5(){ return "275110405f08e1b7c0c0f1aba3e19c67"; };
..\Bsp\Wire.h(108): warning:  #1300-D: process inherits implicit virtual
      uint8_t process();
..\Bsp\Wire.h(117): warning:  #1300-D: begin inherits implicit virtual
      void begin(uint8_t = 0x00);
..\User\main.c: 23 warnings, 0 errors
compiling stm32f10x_it.c...
compiling RingBuffer.cpp...
compiling hardwareserial.cpp...
..\Bsp\hardwareserial.cpp(83): warning:  #68-D: integer conversion resulted in a change of sign
      return -1 ;
..\Bsp\hardwareserial.cpp: 1 warning, 0 errors
compiling interrupt.cpp...
compiling Wire.cpp...
..\Bsp\Wire.h(108): warning:  #1300-D: process inherits implicit virtual
      uint8_t process();
..\Bsp\Wire.h(117): warning:  #1300-D: begin inherits implicit virtual
      void begin(uint8_t = 0x00);
..\Bsp\Wire.cpp: 2 warnings, 0 errors
compiling WireBase.cpp...
compiling duration.cpp...
compiling time.cpp...
compiling millisecondtimer.c...
compiling mpu6050.cpp...
..\Bsp\Wire.h(108): warning:  #1300-D: process inherits implicit virtual
      uint8_t process();
..\Bsp\Wire.h(117): warning:  #1300-D: begin inherits implicit virtual
      void begin(uint8_t = 0x00);
..\RosLibs\geometry_msgs/Vector3.h(106): warning:  #1300-D: getType inherits implicit virtual
      const char * getType(){ return "geometry_msgs/Vector3"; };
..\RosLibs\geometry_msgs/Vector3.h(107): warning:  #1300-D: getMD5 inherits implicit virtual
      const char * getMD5(){ return "4a842b65f413084dc2b10fb484ea7f17"; };
..\Hardsware\Mpu6050\mpu6050.cpp: 4 warnings, 0 errors
linking...
Program Size: Code=8660 RO-data=1008 RW-data=76 ZI-data=4156  
FromELF: creating hex file...
".\Objects\moving_car.axf" - 0 Error(s), 30 Warning(s).

<h2>Software Packages used:</h2>

Package Vendor: Keil
                http://www.keil.com/pack/Keil.STM32F1xx_DFP.2.3.0.pack
                Keil.STM32F1xx_DFP.2.3.0
                STMicroelectronics STM32F1 Series Device Support, Drivers and Examples

<h2>Collection of Component include folders:</h2>
  .\RTE\_moving_car
  F:\Program Files (x86)\Keil5\ARM\PACK\Keil\STM32F1xx_DFP\2.3.0\Device\Include

<h2>Collection of Component Files used:</h2>
Build Time Elapsed:  00:00:09
</pre>
</body>
</html>
