<html>
<body>
<pre>
<h1>µVision Build Log</h1>
<h2>Tool Versions:</h2>
IDE-Version: ¦ÌVision V5.26.2.0
Copyright (C) 2018 ARM Ltd and ARM Germany GmbH. All rights reserved.
License Information: blusi xu, Ameriica, LIC=LJWPC-7IET0-C2JL6-DVSI3-F88HS-09FY0
 
Tool Versions:
Toolchain:       MDK-ARM Professional  Version: 5.26.2.0
Toolchain Path:  F:\Program Files (x86)\Keil5\ARM\ARMCC\Bin
C Compiler:      Armcc.exe V5.06 update 6 (build 750)
Assembler:       Armasm.exe V5.06 update 6 (build 750)
Linker/Locator:  ArmLink.exe V5.06 update 6 (build 750)
Library Manager: ArmAr.exe V5.06 update 6 (build 750)
Hex Converter:   FromElf.exe V5.06 update 6 (build 750)
CPU DLL:         SARMCM3.DLL V5.26.2.0
Dialog DLL:      DCM.DLL V1.17.2.0
Target DLL:      UL2CM3.DLL V1.161.6.0
Dialog DLL:      TCM.DLL V1.36.1.0
 
<h2>Project:</h2>
C:\Users\hp\Desktop\moving_car\Project\moving_car.uvprojx
Project File Date:  03/31/2019

<h2>Output:</h2>
*** Using Compiler 'V5.06 update 6 (build 750)', folder: 'F:\Program Files (x86)\Keil5\ARM\ARMCC\Bin'
*** Warning: You are compiling one or more files of source type C++ and have selected 'use MicroLIB'. MicroLIB does not support C++!
  
Rebuild target 'moving_car'
assembling startup_stm32f10x_hd.s...
compiling core_cm3.c...
compiling system_stm32f10x.c...
compiling misc.c...
compiling stm32f10x_adc.c...
compiling stm32f10x_bkp.c...
compiling stm32f10x_can.c...
compiling stm32f10x_cec.c...
compiling stm32f10x_crc.c...
compiling stm32f10x_dac.c...
compiling stm32f10x_dbgmcu.c...
compiling stm32f10x_dma.c...
compiling stm32f10x_exti.c...
compiling stm32f10x_flash.c...
compiling stm32f10x_fsmc.c...
compiling stm32f10x_i2c.c...
compiling stm32f10x_gpio.c...
compiling stm32f10x_iwdg.c...
compiling stm32f10x_pwr.c...
compiling stm32f10x_rtc.c...
compiling stm32f10x_rcc.c...
compiling stm32f10x_sdio.c...
compiling stm32f10x_spi.c...
compiling stm32f10x_tim.c...
compiling stm32f10x_wwdg.c...
compiling stm32f10x_usart.c...
compiling main.c...
compiling stm32f10x_it.c...
compiling hardwareserial.cpp...
..\Bsp\hardwareserial.cpp(83): warning:  #68-D: integer conversion resulted in a change of sign
      return -1 ;
..\Bsp\hardwareserial.cpp: 1 warning, 0 errors
compiling RingBuffer.cpp...
compiling interrupt.cpp...
compiling duration.cpp...
compiling Wire.cpp...
..\Bsp\Wire.h(108): warning:  #1300-D: process inherits implicit virtual
      uint8_t process();
..\Bsp\Wire.h(117): warning:  #1300-D: begin inherits implicit virtual
      void begin(uint8_t = 0x00);
..\Bsp\Wire.cpp: 2 warnings, 0 errors
compiling time.cpp...
compiling WireBase.cpp...
compiling mpu6050.cpp...
..\Bsp\Wire.h(108): warning:  #1300-D: process inherits implicit virtual
      uint8_t process();
..\Bsp\Wire.h(117): warning:  #1300-D: begin inherits implicit virtual
      void begin(uint8_t = 0x00);
..\RosLibs\geometry_msgs/Vector3.h(106): warning:  #1300-D: getType inherits implicit virtual
      const char * getType(){ return "geometry_msgs/Vector3"; };
..\RosLibs\geometry_msgs/Vector3.h(107): warning:  #1300-D: getMD5 inherits implicit virtual
      const char * getMD5(){ return "4a842b65f413084dc2b10fb484ea7f17"; };
..\RosLibs\geometry_msgs/Vector3.h(112): warning:  #1-D: last line of file ends without a newline
  #endif
..\Hardsware\Mpu6050\mpu6050.cpp(38): warning:  #940-D: missing return statement at end of non-void function "MPU::check_gyroscope" 
  }
..\Hardsware\Mpu6050\mpu6050.cpp(50): warning:  #940-D: missing return statement at end of non-void function "MPU::check_accelerometer" 
  }
..\Hardsware\Mpu6050\mpu6050.cpp(56): warning:  #1-D: last line of file ends without a newline
  }
..\Hardsware\Mpu6050\mpu6050.cpp: 8 warnings, 0 errors
linking...
Program Size: Code=820 RO-data=336 RW-data=36 ZI-data=1028  
FromELF: creating hex file...
".\Objects\moving_car.axf" - 0 Error(s), 11 Warning(s).

<h2>Software Packages used:</h2>

Package Vendor: Keil
                http://www.keil.com/pack/Keil.STM32F1xx_DFP.2.3.0.pack
                Keil.STM32F1xx_DFP.2.3.0
                STMicroelectronics STM32F1 Series Device Support, Drivers and Examples

<h2>Collection of Component include folders:</h2>
  .\RTE\_moving_car
  F:\Program Files (x86)\Keil5\ARM\PACK\Keil\STM32F1xx_DFP\2.3.0\Device\Include

<h2>Collection of Component Files used:</h2>
Build Time Elapsed:  00:00:12
</pre>
</body>
</html>
